[2025-04-08 18:55:26,957: INFO: server: Started server process [12800]]
[2025-04-08 18:55:26,958: INFO: on: Waiting for application startup.]
[2025-04-08 18:55:26,958: INFO: on: Application startup complete.]
[2025-04-08 18:55:26,958: INFO: server: Uvicorn running on http://0.0.0.0:8080 (Press CTRL+C to quit)]
[2025-04-08 19:02:56,310: INFO: common: yaml file: config\config.yaml loaded successfully]
[2025-04-08 19:02:56,318: INFO: common: yaml file: params.yaml loaded successfully]
[2025-04-08 19:02:56,319: INFO: common: created directory at: artifacts]
[2025-04-08 19:02:56,319: INFO: common: created directory at: artifacts/model_evaluation]
[2025-04-08 19:02:56,320: ERROR: h11_impl: Exception in ASGI application
]
Traceback (most recent call last):
  File "C:\Users\septs\text summ\Text-Summarization-NLP-Project\venv\Lib\site-packages\transformers\utils\hub.py", line 424, in cached_files
    hf_hub_download(
  File "C:\Users\septs\text summ\Text-Summarization-NLP-Project\venv\Lib\site-packages\huggingface_hub\utils\_validators.py", line 106, in _inner_fn
    validate_repo_id(arg_value)
  File "C:\Users\septs\text summ\Text-Summarization-NLP-Project\venv\Lib\site-packages\huggingface_hub\utils\_validators.py", line 154, in validate_repo_id
    raise HFValidationError(
huggingface_hub.errors.HFValidationError: Repo id must be in the form 'repo_name' or 'namespace/repo_name': 'artifacts/model_trainer/tokenizer'. Use `repo_type` argument if needed.

During handling of the above exception, another exception occurred:

Traceback (most recent call last):
  File "C:\Users\septs\text summ\Text-Summarization-NLP-Project\venv\Lib\site-packages\uvicorn\protocols\http\h11_impl.py", line 404, in run_asgi
    result = await app(  # type: ignore[func-returns-value]
             ^^^^^^^^^^^^^^^^^^^^^^^^^^^^^^^^^^^^^^^^^^^^^^
  File "C:\Users\septs\text summ\Text-Summarization-NLP-Project\venv\Lib\site-packages\uvicorn\middleware\proxy_headers.py", line 78, in __call__
    return await self.app(scope, receive, send)
           ^^^^^^^^^^^^^^^^^^^^^^^^^^^^^^^^^^^^
  File "C:\Users\septs\text summ\Text-Summarization-NLP-Project\venv\Lib\site-packages\fastapi\applications.py", line 269, in __call__
    await super().__call__(scope, receive, send)
  File "C:\Users\septs\text summ\Text-Summarization-NLP-Project\venv\Lib\site-packages\starlette\applications.py", line 124, in __call__
    await self.middleware_stack(scope, receive, send)
  File "C:\Users\septs\text summ\Text-Summarization-NLP-Project\venv\Lib\site-packages\starlette\middleware\errors.py", line 184, in __call__
    raise exc
  File "C:\Users\septs\text summ\Text-Summarization-NLP-Project\venv\Lib\site-packages\starlette\middleware\errors.py", line 162, in __call__
    await self.app(scope, receive, _send)
  File "C:\Users\septs\text summ\Text-Summarization-NLP-Project\venv\Lib\site-packages\starlette\exceptions.py", line 93, in __call__
    raise exc
  File "C:\Users\septs\text summ\Text-Summarization-NLP-Project\venv\Lib\site-packages\starlette\exceptions.py", line 82, in __call__
    await self.app(scope, receive, sender)
  File "C:\Users\septs\text summ\Text-Summarization-NLP-Project\venv\Lib\site-packages\fastapi\middleware\asyncexitstack.py", line 21, in __call__
    raise e
  File "C:\Users\septs\text summ\Text-Summarization-NLP-Project\venv\Lib\site-packages\fastapi\middleware\asyncexitstack.py", line 18, in __call__
    await self.app(scope, receive, send)
  File "C:\Users\septs\text summ\Text-Summarization-NLP-Project\venv\Lib\site-packages\starlette\routing.py", line 670, in __call__
    await route.handle(scope, receive, send)
  File "C:\Users\septs\text summ\Text-Summarization-NLP-Project\venv\Lib\site-packages\starlette\routing.py", line 266, in handle
    await self.app(scope, receive, send)
  File "C:\Users\septs\text summ\Text-Summarization-NLP-Project\venv\Lib\site-packages\starlette\routing.py", line 65, in app
    response = await func(request)
               ^^^^^^^^^^^^^^^^^^^
  File "C:\Users\septs\text summ\Text-Summarization-NLP-Project\venv\Lib\site-packages\fastapi\routing.py", line 227, in app
    raw_response = await run_endpoint_function(
                   ^^^^^^^^^^^^^^^^^^^^^^^^^^^^
  File "C:\Users\septs\text summ\Text-Summarization-NLP-Project\venv\Lib\site-packages\fastapi\routing.py", line 160, in run_endpoint_function
    return await dependant.call(**values)
           ^^^^^^^^^^^^^^^^^^^^^^^^^^^^^^
  File "C:\Users\septs\text summ\Text-Summarization-NLP-Project\app.py", line 41, in predict_route
    raise e
  File "C:\Users\septs\text summ\Text-Summarization-NLP-Project\app.py", line 38, in predict_route
    text = obj.predict(text)
           ^^^^^^^^^^^^^^^^^
  File "C:\Users\septs\text summ\Text-Summarization-NLP-Project\src\textSummarizer\pipeline\prediction.py", line 13, in predict
    tokenizer = AutoTokenizer.from_pretrained(self.config.tokenizer_path)
                ^^^^^^^^^^^^^^^^^^^^^^^^^^^^^^^^^^^^^^^^^^^^^^^^^^^^^^^^^
  File "C:\Users\septs\text summ\Text-Summarization-NLP-Project\venv\Lib\site-packages\transformers\models\auto\tokenization_auto.py", line 945, in from_pretrained
    tokenizer_config = get_tokenizer_config(pretrained_model_name_or_path, **kwargs)
                       ^^^^^^^^^^^^^^^^^^^^^^^^^^^^^^^^^^^^^^^^^^^^^^^^^^^^^^^^^^^^^
  File "C:\Users\septs\text summ\Text-Summarization-NLP-Project\venv\Lib\site-packages\transformers\models\auto\tokenization_auto.py", line 777, in get_tokenizer_config
    resolved_config_file = cached_file(
                           ^^^^^^^^^^^^
  File "C:\Users\septs\text summ\Text-Summarization-NLP-Project\venv\Lib\site-packages\transformers\utils\hub.py", line 266, in cached_file
    file = cached_files(path_or_repo_id=path_or_repo_id, filenames=[filename], **kwargs)
           ^^^^^^^^^^^^^^^^^^^^^^^^^^^^^^^^^^^^^^^^^^^^^^^^^^^^^^^^^^^^^^^^^^^^^^^^^^^^^
  File "C:\Users\septs\text summ\Text-Summarization-NLP-Project\venv\Lib\site-packages\transformers\utils\hub.py", line 471, in cached_files
    _get_cache_file_to_return(path_or_repo_id, filename, cache_dir, revision) for filename in full_filenames
    ^^^^^^^^^^^^^^^^^^^^^^^^^^^^^^^^^^^^^^^^^^^^^^^^^^^^^^^^^^^^^^^^^^^^^^^^^
  File "C:\Users\septs\text summ\Text-Summarization-NLP-Project\venv\Lib\site-packages\transformers\utils\hub.py", line 134, in _get_cache_file_to_return
    resolved_file = try_to_load_from_cache(path_or_repo_id, full_filename, cache_dir=cache_dir, revision=revision)
                    ^^^^^^^^^^^^^^^^^^^^^^^^^^^^^^^^^^^^^^^^^^^^^^^^^^^^^^^^^^^^^^^^^^^^^^^^^^^^^^^^^^^^^^^^^^^^^^
  File "C:\Users\septs\text summ\Text-Summarization-NLP-Project\venv\Lib\site-packages\huggingface_hub\utils\_validators.py", line 106, in _inner_fn
    validate_repo_id(arg_value)
  File "C:\Users\septs\text summ\Text-Summarization-NLP-Project\venv\Lib\site-packages\huggingface_hub\utils\_validators.py", line 154, in validate_repo_id
    raise HFValidationError(
huggingface_hub.errors.HFValidationError: Repo id must be in the form 'repo_name' or 'namespace/repo_name': 'artifacts/model_trainer/tokenizer'. Use `repo_type` argument if needed.
[2025-04-08 19:03:15,778: INFO: common: yaml file: config\config.yaml loaded successfully]
[2025-04-08 19:03:15,779: INFO: common: yaml file: params.yaml loaded successfully]
[2025-04-08 19:03:15,780: INFO: common: created directory at: artifacts]
[2025-04-08 19:03:15,780: INFO: common: created directory at: artifacts/model_evaluation]
[2025-04-08 19:03:15,781: ERROR: h11_impl: Exception in ASGI application
]
Traceback (most recent call last):
  File "C:\Users\septs\text summ\Text-Summarization-NLP-Project\venv\Lib\site-packages\transformers\utils\hub.py", line 424, in cached_files
    hf_hub_download(
  File "C:\Users\septs\text summ\Text-Summarization-NLP-Project\venv\Lib\site-packages\huggingface_hub\utils\_validators.py", line 106, in _inner_fn
    validate_repo_id(arg_value)
  File "C:\Users\septs\text summ\Text-Summarization-NLP-Project\venv\Lib\site-packages\huggingface_hub\utils\_validators.py", line 154, in validate_repo_id
    raise HFValidationError(
huggingface_hub.errors.HFValidationError: Repo id must be in the form 'repo_name' or 'namespace/repo_name': 'artifacts/model_trainer/tokenizer'. Use `repo_type` argument if needed.

During handling of the above exception, another exception occurred:

Traceback (most recent call last):
  File "C:\Users\septs\text summ\Text-Summarization-NLP-Project\venv\Lib\site-packages\uvicorn\protocols\http\h11_impl.py", line 404, in run_asgi
    result = await app(  # type: ignore[func-returns-value]
             ^^^^^^^^^^^^^^^^^^^^^^^^^^^^^^^^^^^^^^^^^^^^^^
  File "C:\Users\septs\text summ\Text-Summarization-NLP-Project\venv\Lib\site-packages\uvicorn\middleware\proxy_headers.py", line 78, in __call__
    return await self.app(scope, receive, send)
           ^^^^^^^^^^^^^^^^^^^^^^^^^^^^^^^^^^^^
  File "C:\Users\septs\text summ\Text-Summarization-NLP-Project\venv\Lib\site-packages\fastapi\applications.py", line 269, in __call__
    await super().__call__(scope, receive, send)
  File "C:\Users\septs\text summ\Text-Summarization-NLP-Project\venv\Lib\site-packages\starlette\applications.py", line 124, in __call__
    await self.middleware_stack(scope, receive, send)
  File "C:\Users\septs\text summ\Text-Summarization-NLP-Project\venv\Lib\site-packages\starlette\middleware\errors.py", line 184, in __call__
    raise exc
  File "C:\Users\septs\text summ\Text-Summarization-NLP-Project\venv\Lib\site-packages\starlette\middleware\errors.py", line 162, in __call__
    await self.app(scope, receive, _send)
  File "C:\Users\septs\text summ\Text-Summarization-NLP-Project\venv\Lib\site-packages\starlette\exceptions.py", line 93, in __call__
    raise exc
  File "C:\Users\septs\text summ\Text-Summarization-NLP-Project\venv\Lib\site-packages\starlette\exceptions.py", line 82, in __call__
    await self.app(scope, receive, sender)
  File "C:\Users\septs\text summ\Text-Summarization-NLP-Project\venv\Lib\site-packages\fastapi\middleware\asyncexitstack.py", line 21, in __call__
    raise e
  File "C:\Users\septs\text summ\Text-Summarization-NLP-Project\venv\Lib\site-packages\fastapi\middleware\asyncexitstack.py", line 18, in __call__
    await self.app(scope, receive, send)
  File "C:\Users\septs\text summ\Text-Summarization-NLP-Project\venv\Lib\site-packages\starlette\routing.py", line 670, in __call__
    await route.handle(scope, receive, send)
  File "C:\Users\septs\text summ\Text-Summarization-NLP-Project\venv\Lib\site-packages\starlette\routing.py", line 266, in handle
    await self.app(scope, receive, send)
  File "C:\Users\septs\text summ\Text-Summarization-NLP-Project\venv\Lib\site-packages\starlette\routing.py", line 65, in app
    response = await func(request)
               ^^^^^^^^^^^^^^^^^^^
  File "C:\Users\septs\text summ\Text-Summarization-NLP-Project\venv\Lib\site-packages\fastapi\routing.py", line 227, in app
    raw_response = await run_endpoint_function(
                   ^^^^^^^^^^^^^^^^^^^^^^^^^^^^
  File "C:\Users\septs\text summ\Text-Summarization-NLP-Project\venv\Lib\site-packages\fastapi\routing.py", line 160, in run_endpoint_function
    return await dependant.call(**values)
           ^^^^^^^^^^^^^^^^^^^^^^^^^^^^^^
  File "C:\Users\septs\text summ\Text-Summarization-NLP-Project\app.py", line 41, in predict_route
    raise e
  File "C:\Users\septs\text summ\Text-Summarization-NLP-Project\app.py", line 38, in predict_route
    text = obj.predict(text)
           ^^^^^^^^^^^^^^^^^
  File "C:\Users\septs\text summ\Text-Summarization-NLP-Project\src\textSummarizer\pipeline\prediction.py", line 13, in predict
    tokenizer = AutoTokenizer.from_pretrained(self.config.tokenizer_path)
                ^^^^^^^^^^^^^^^^^^^^^^^^^^^^^^^^^^^^^^^^^^^^^^^^^^^^^^^^^
  File "C:\Users\septs\text summ\Text-Summarization-NLP-Project\venv\Lib\site-packages\transformers\models\auto\tokenization_auto.py", line 945, in from_pretrained
    tokenizer_config = get_tokenizer_config(pretrained_model_name_or_path, **kwargs)
                       ^^^^^^^^^^^^^^^^^^^^^^^^^^^^^^^^^^^^^^^^^^^^^^^^^^^^^^^^^^^^^
  File "C:\Users\septs\text summ\Text-Summarization-NLP-Project\venv\Lib\site-packages\transformers\models\auto\tokenization_auto.py", line 777, in get_tokenizer_config
    resolved_config_file = cached_file(
                           ^^^^^^^^^^^^
  File "C:\Users\septs\text summ\Text-Summarization-NLP-Project\venv\Lib\site-packages\transformers\utils\hub.py", line 266, in cached_file
    file = cached_files(path_or_repo_id=path_or_repo_id, filenames=[filename], **kwargs)
           ^^^^^^^^^^^^^^^^^^^^^^^^^^^^^^^^^^^^^^^^^^^^^^^^^^^^^^^^^^^^^^^^^^^^^^^^^^^^^
  File "C:\Users\septs\text summ\Text-Summarization-NLP-Project\venv\Lib\site-packages\transformers\utils\hub.py", line 471, in cached_files
    _get_cache_file_to_return(path_or_repo_id, filename, cache_dir, revision) for filename in full_filenames
    ^^^^^^^^^^^^^^^^^^^^^^^^^^^^^^^^^^^^^^^^^^^^^^^^^^^^^^^^^^^^^^^^^^^^^^^^^
  File "C:\Users\septs\text summ\Text-Summarization-NLP-Project\venv\Lib\site-packages\transformers\utils\hub.py", line 134, in _get_cache_file_to_return
    resolved_file = try_to_load_from_cache(path_or_repo_id, full_filename, cache_dir=cache_dir, revision=revision)
                    ^^^^^^^^^^^^^^^^^^^^^^^^^^^^^^^^^^^^^^^^^^^^^^^^^^^^^^^^^^^^^^^^^^^^^^^^^^^^^^^^^^^^^^^^^^^^^^
  File "C:\Users\septs\text summ\Text-Summarization-NLP-Project\venv\Lib\site-packages\huggingface_hub\utils\_validators.py", line 106, in _inner_fn
    validate_repo_id(arg_value)
  File "C:\Users\septs\text summ\Text-Summarization-NLP-Project\venv\Lib\site-packages\huggingface_hub\utils\_validators.py", line 154, in validate_repo_id
    raise HFValidationError(
huggingface_hub.errors.HFValidationError: Repo id must be in the form 'repo_name' or 'namespace/repo_name': 'artifacts/model_trainer/tokenizer'. Use `repo_type` argument if needed.
[2025-04-08 19:06:16,222: INFO: config: PyTorch version 2.6.0 available.]
[2025-04-08 19:06:29,935: INFO: config: PyTorch version 2.6.0 available.]
[2025-04-08 19:09:24,173: INFO: common: yaml file: config\config.yaml loaded successfully]
[2025-04-08 19:09:24,175: INFO: common: yaml file: params.yaml loaded successfully]
[2025-04-08 19:09:24,175: INFO: common: created directory at: artifacts]
[2025-04-08 19:09:24,176: INFO: common: created directory at: artifacts/model_evaluation]
[2025-04-08 19:09:24,176: ERROR: h11_impl: Exception in ASGI application
]
Traceback (most recent call last):
  File "C:\Users\septs\text summ\Text-Summarization-NLP-Project\venv\Lib\site-packages\transformers\utils\hub.py", line 424, in cached_files
    hf_hub_download(
  File "C:\Users\septs\text summ\Text-Summarization-NLP-Project\venv\Lib\site-packages\huggingface_hub\utils\_validators.py", line 106, in _inner_fn
    validate_repo_id(arg_value)
  File "C:\Users\septs\text summ\Text-Summarization-NLP-Project\venv\Lib\site-packages\huggingface_hub\utils\_validators.py", line 154, in validate_repo_id
    raise HFValidationError(
huggingface_hub.errors.HFValidationError: Repo id must be in the form 'repo_name' or 'namespace/repo_name': 'artifacts/model_trainer/tokenizer'. Use `repo_type` argument if needed.

During handling of the above exception, another exception occurred:

Traceback (most recent call last):
  File "C:\Users\septs\text summ\Text-Summarization-NLP-Project\venv\Lib\site-packages\uvicorn\protocols\http\h11_impl.py", line 404, in run_asgi
    result = await app(  # type: ignore[func-returns-value]
             ^^^^^^^^^^^^^^^^^^^^^^^^^^^^^^^^^^^^^^^^^^^^^^
  File "C:\Users\septs\text summ\Text-Summarization-NLP-Project\venv\Lib\site-packages\uvicorn\middleware\proxy_headers.py", line 78, in __call__
    return await self.app(scope, receive, send)
           ^^^^^^^^^^^^^^^^^^^^^^^^^^^^^^^^^^^^
  File "C:\Users\septs\text summ\Text-Summarization-NLP-Project\venv\Lib\site-packages\fastapi\applications.py", line 269, in __call__
    await super().__call__(scope, receive, send)
  File "C:\Users\septs\text summ\Text-Summarization-NLP-Project\venv\Lib\site-packages\starlette\applications.py", line 124, in __call__
    await self.middleware_stack(scope, receive, send)
  File "C:\Users\septs\text summ\Text-Summarization-NLP-Project\venv\Lib\site-packages\starlette\middleware\errors.py", line 184, in __call__
    raise exc
  File "C:\Users\septs\text summ\Text-Summarization-NLP-Project\venv\Lib\site-packages\starlette\middleware\errors.py", line 162, in __call__
    await self.app(scope, receive, _send)
  File "C:\Users\septs\text summ\Text-Summarization-NLP-Project\venv\Lib\site-packages\starlette\exceptions.py", line 93, in __call__
    raise exc
  File "C:\Users\septs\text summ\Text-Summarization-NLP-Project\venv\Lib\site-packages\starlette\exceptions.py", line 82, in __call__
    await self.app(scope, receive, sender)
  File "C:\Users\septs\text summ\Text-Summarization-NLP-Project\venv\Lib\site-packages\fastapi\middleware\asyncexitstack.py", line 21, in __call__
    raise e
  File "C:\Users\septs\text summ\Text-Summarization-NLP-Project\venv\Lib\site-packages\fastapi\middleware\asyncexitstack.py", line 18, in __call__
    await self.app(scope, receive, send)
  File "C:\Users\septs\text summ\Text-Summarization-NLP-Project\venv\Lib\site-packages\starlette\routing.py", line 670, in __call__
    await route.handle(scope, receive, send)
  File "C:\Users\septs\text summ\Text-Summarization-NLP-Project\venv\Lib\site-packages\starlette\routing.py", line 266, in handle
    await self.app(scope, receive, send)
  File "C:\Users\septs\text summ\Text-Summarization-NLP-Project\venv\Lib\site-packages\starlette\routing.py", line 65, in app
    response = await func(request)
               ^^^^^^^^^^^^^^^^^^^
  File "C:\Users\septs\text summ\Text-Summarization-NLP-Project\venv\Lib\site-packages\fastapi\routing.py", line 227, in app
    raw_response = await run_endpoint_function(
                   ^^^^^^^^^^^^^^^^^^^^^^^^^^^^
  File "C:\Users\septs\text summ\Text-Summarization-NLP-Project\venv\Lib\site-packages\fastapi\routing.py", line 160, in run_endpoint_function
    return await dependant.call(**values)
           ^^^^^^^^^^^^^^^^^^^^^^^^^^^^^^
  File "C:\Users\septs\text summ\Text-Summarization-NLP-Project\app.py", line 41, in predict_route
    raise e
  File "C:\Users\septs\text summ\Text-Summarization-NLP-Project\app.py", line 38, in predict_route
    text = obj.predict(text)
           ^^^^^^^^^^^^^^^^^
  File "C:\Users\septs\text summ\Text-Summarization-NLP-Project\src\textSummarizer\pipeline\prediction.py", line 13, in predict
    tokenizer = AutoTokenizer.from_pretrained(self.config.tokenizer_path)
                ^^^^^^^^^^^^^^^^^^^^^^^^^^^^^^^^^^^^^^^^^^^^^^^^^^^^^^^^^
  File "C:\Users\septs\text summ\Text-Summarization-NLP-Project\venv\Lib\site-packages\transformers\models\auto\tokenization_auto.py", line 945, in from_pretrained
    tokenizer_config = get_tokenizer_config(pretrained_model_name_or_path, **kwargs)
                       ^^^^^^^^^^^^^^^^^^^^^^^^^^^^^^^^^^^^^^^^^^^^^^^^^^^^^^^^^^^^^
  File "C:\Users\septs\text summ\Text-Summarization-NLP-Project\venv\Lib\site-packages\transformers\models\auto\tokenization_auto.py", line 777, in get_tokenizer_config
    resolved_config_file = cached_file(
                           ^^^^^^^^^^^^
  File "C:\Users\septs\text summ\Text-Summarization-NLP-Project\venv\Lib\site-packages\transformers\utils\hub.py", line 266, in cached_file
    file = cached_files(path_or_repo_id=path_or_repo_id, filenames=[filename], **kwargs)
           ^^^^^^^^^^^^^^^^^^^^^^^^^^^^^^^^^^^^^^^^^^^^^^^^^^^^^^^^^^^^^^^^^^^^^^^^^^^^^
  File "C:\Users\septs\text summ\Text-Summarization-NLP-Project\venv\Lib\site-packages\transformers\utils\hub.py", line 471, in cached_files
    _get_cache_file_to_return(path_or_repo_id, filename, cache_dir, revision) for filename in full_filenames
    ^^^^^^^^^^^^^^^^^^^^^^^^^^^^^^^^^^^^^^^^^^^^^^^^^^^^^^^^^^^^^^^^^^^^^^^^^
  File "C:\Users\septs\text summ\Text-Summarization-NLP-Project\venv\Lib\site-packages\transformers\utils\hub.py", line 134, in _get_cache_file_to_return
    resolved_file = try_to_load_from_cache(path_or_repo_id, full_filename, cache_dir=cache_dir, revision=revision)
                    ^^^^^^^^^^^^^^^^^^^^^^^^^^^^^^^^^^^^^^^^^^^^^^^^^^^^^^^^^^^^^^^^^^^^^^^^^^^^^^^^^^^^^^^^^^^^^^
  File "C:\Users\septs\text summ\Text-Summarization-NLP-Project\venv\Lib\site-packages\huggingface_hub\utils\_validators.py", line 106, in _inner_fn
    validate_repo_id(arg_value)
  File "C:\Users\septs\text summ\Text-Summarization-NLP-Project\venv\Lib\site-packages\huggingface_hub\utils\_validators.py", line 154, in validate_repo_id
    raise HFValidationError(
huggingface_hub.errors.HFValidationError: Repo id must be in the form 'repo_name' or 'namespace/repo_name': 'artifacts/model_trainer/tokenizer'. Use `repo_type` argument if needed.
[2025-04-08 19:18:08,040: INFO: common: yaml file: config\config.yaml loaded successfully]
[2025-04-08 19:18:08,041: INFO: common: yaml file: params.yaml loaded successfully]
[2025-04-08 19:18:08,042: INFO: common: created directory at: artifacts]
[2025-04-08 19:18:08,042: INFO: common: created directory at: artifacts/model_evaluation]
[2025-04-08 19:18:08,044: ERROR: h11_impl: Exception in ASGI application
]
Traceback (most recent call last):
  File "C:\Users\septs\text summ\Text-Summarization-NLP-Project\venv\Lib\site-packages\transformers\utils\hub.py", line 424, in cached_files
    hf_hub_download(
  File "C:\Users\septs\text summ\Text-Summarization-NLP-Project\venv\Lib\site-packages\huggingface_hub\utils\_validators.py", line 106, in _inner_fn
    validate_repo_id(arg_value)
  File "C:\Users\septs\text summ\Text-Summarization-NLP-Project\venv\Lib\site-packages\huggingface_hub\utils\_validators.py", line 154, in validate_repo_id
    raise HFValidationError(
huggingface_hub.errors.HFValidationError: Repo id must be in the form 'repo_name' or 'namespace/repo_name': 'artifacts/model_trainer/tokenizer'. Use `repo_type` argument if needed.

During handling of the above exception, another exception occurred:

Traceback (most recent call last):
  File "C:\Users\septs\text summ\Text-Summarization-NLP-Project\venv\Lib\site-packages\uvicorn\protocols\http\h11_impl.py", line 404, in run_asgi
    result = await app(  # type: ignore[func-returns-value]
             ^^^^^^^^^^^^^^^^^^^^^^^^^^^^^^^^^^^^^^^^^^^^^^
  File "C:\Users\septs\text summ\Text-Summarization-NLP-Project\venv\Lib\site-packages\uvicorn\middleware\proxy_headers.py", line 78, in __call__
    return await self.app(scope, receive, send)
           ^^^^^^^^^^^^^^^^^^^^^^^^^^^^^^^^^^^^
  File "C:\Users\septs\text summ\Text-Summarization-NLP-Project\venv\Lib\site-packages\fastapi\applications.py", line 269, in __call__
    await super().__call__(scope, receive, send)
  File "C:\Users\septs\text summ\Text-Summarization-NLP-Project\venv\Lib\site-packages\starlette\applications.py", line 124, in __call__
    await self.middleware_stack(scope, receive, send)
  File "C:\Users\septs\text summ\Text-Summarization-NLP-Project\venv\Lib\site-packages\starlette\middleware\errors.py", line 184, in __call__
    raise exc
  File "C:\Users\septs\text summ\Text-Summarization-NLP-Project\venv\Lib\site-packages\starlette\middleware\errors.py", line 162, in __call__
    await self.app(scope, receive, _send)
  File "C:\Users\septs\text summ\Text-Summarization-NLP-Project\venv\Lib\site-packages\starlette\exceptions.py", line 93, in __call__
    raise exc
  File "C:\Users\septs\text summ\Text-Summarization-NLP-Project\venv\Lib\site-packages\starlette\exceptions.py", line 82, in __call__
    await self.app(scope, receive, sender)
  File "C:\Users\septs\text summ\Text-Summarization-NLP-Project\venv\Lib\site-packages\fastapi\middleware\asyncexitstack.py", line 21, in __call__
    raise e
  File "C:\Users\septs\text summ\Text-Summarization-NLP-Project\venv\Lib\site-packages\fastapi\middleware\asyncexitstack.py", line 18, in __call__
    await self.app(scope, receive, send)
  File "C:\Users\septs\text summ\Text-Summarization-NLP-Project\venv\Lib\site-packages\starlette\routing.py", line 670, in __call__
    await route.handle(scope, receive, send)
  File "C:\Users\septs\text summ\Text-Summarization-NLP-Project\venv\Lib\site-packages\starlette\routing.py", line 266, in handle
    await self.app(scope, receive, send)
  File "C:\Users\septs\text summ\Text-Summarization-NLP-Project\venv\Lib\site-packages\starlette\routing.py", line 65, in app
    response = await func(request)
               ^^^^^^^^^^^^^^^^^^^
  File "C:\Users\septs\text summ\Text-Summarization-NLP-Project\venv\Lib\site-packages\fastapi\routing.py", line 227, in app
    raw_response = await run_endpoint_function(
                   ^^^^^^^^^^^^^^^^^^^^^^^^^^^^
  File "C:\Users\septs\text summ\Text-Summarization-NLP-Project\venv\Lib\site-packages\fastapi\routing.py", line 160, in run_endpoint_function
    return await dependant.call(**values)
           ^^^^^^^^^^^^^^^^^^^^^^^^^^^^^^
  File "C:\Users\septs\text summ\Text-Summarization-NLP-Project\app.py", line 41, in predict_route
    raise e
  File "C:\Users\septs\text summ\Text-Summarization-NLP-Project\app.py", line 38, in predict_route
    text = obj.predict(text)
           ^^^^^^^^^^^^^^^^^
  File "C:\Users\septs\text summ\Text-Summarization-NLP-Project\src\textSummarizer\pipeline\prediction.py", line 13, in predict
    tokenizer = AutoTokenizer.from_pretrained(self.config.tokenizer_path)
                ^^^^^^^^^^^^^^^^^^^^^^^^^^^^^^^^^^^^^^^^^^^^^^^^^^^^^^^^^
  File "C:\Users\septs\text summ\Text-Summarization-NLP-Project\venv\Lib\site-packages\transformers\models\auto\tokenization_auto.py", line 945, in from_pretrained
    tokenizer_config = get_tokenizer_config(pretrained_model_name_or_path, **kwargs)
                       ^^^^^^^^^^^^^^^^^^^^^^^^^^^^^^^^^^^^^^^^^^^^^^^^^^^^^^^^^^^^^
  File "C:\Users\septs\text summ\Text-Summarization-NLP-Project\venv\Lib\site-packages\transformers\models\auto\tokenization_auto.py", line 777, in get_tokenizer_config
    resolved_config_file = cached_file(
                           ^^^^^^^^^^^^
  File "C:\Users\septs\text summ\Text-Summarization-NLP-Project\venv\Lib\site-packages\transformers\utils\hub.py", line 266, in cached_file
    file = cached_files(path_or_repo_id=path_or_repo_id, filenames=[filename], **kwargs)
           ^^^^^^^^^^^^^^^^^^^^^^^^^^^^^^^^^^^^^^^^^^^^^^^^^^^^^^^^^^^^^^^^^^^^^^^^^^^^^
  File "C:\Users\septs\text summ\Text-Summarization-NLP-Project\venv\Lib\site-packages\transformers\utils\hub.py", line 471, in cached_files
    _get_cache_file_to_return(path_or_repo_id, filename, cache_dir, revision) for filename in full_filenames
    ^^^^^^^^^^^^^^^^^^^^^^^^^^^^^^^^^^^^^^^^^^^^^^^^^^^^^^^^^^^^^^^^^^^^^^^^^
  File "C:\Users\septs\text summ\Text-Summarization-NLP-Project\venv\Lib\site-packages\transformers\utils\hub.py", line 134, in _get_cache_file_to_return
    resolved_file = try_to_load_from_cache(path_or_repo_id, full_filename, cache_dir=cache_dir, revision=revision)
                    ^^^^^^^^^^^^^^^^^^^^^^^^^^^^^^^^^^^^^^^^^^^^^^^^^^^^^^^^^^^^^^^^^^^^^^^^^^^^^^^^^^^^^^^^^^^^^^
  File "C:\Users\septs\text summ\Text-Summarization-NLP-Project\venv\Lib\site-packages\huggingface_hub\utils\_validators.py", line 106, in _inner_fn
    validate_repo_id(arg_value)
  File "C:\Users\septs\text summ\Text-Summarization-NLP-Project\venv\Lib\site-packages\huggingface_hub\utils\_validators.py", line 154, in validate_repo_id
    raise HFValidationError(
huggingface_hub.errors.HFValidationError: Repo id must be in the form 'repo_name' or 'namespace/repo_name': 'artifacts/model_trainer/tokenizer'. Use `repo_type` argument if needed.
[2025-04-08 19:42:17,349: INFO: common: yaml file: config\config.yaml loaded successfully]
[2025-04-08 19:42:17,351: INFO: common: yaml file: params.yaml loaded successfully]
[2025-04-08 19:42:17,351: INFO: common: created directory at: artifacts]
[2025-04-08 19:42:17,352: INFO: common: created directory at: artifacts/model_evaluation]
[2025-04-08 19:42:17,353: ERROR: h11_impl: Exception in ASGI application
]
Traceback (most recent call last):
  File "C:\Users\septs\text summ\Text-Summarization-NLP-Project\venv\Lib\site-packages\transformers\utils\hub.py", line 424, in cached_files
    hf_hub_download(
  File "C:\Users\septs\text summ\Text-Summarization-NLP-Project\venv\Lib\site-packages\huggingface_hub\utils\_validators.py", line 106, in _inner_fn
    validate_repo_id(arg_value)
  File "C:\Users\septs\text summ\Text-Summarization-NLP-Project\venv\Lib\site-packages\huggingface_hub\utils\_validators.py", line 154, in validate_repo_id
    raise HFValidationError(
huggingface_hub.errors.HFValidationError: Repo id must be in the form 'repo_name' or 'namespace/repo_name': 'artifacts/model_trainer/tokenizer'. Use `repo_type` argument if needed.

During handling of the above exception, another exception occurred:

Traceback (most recent call last):
  File "C:\Users\septs\text summ\Text-Summarization-NLP-Project\venv\Lib\site-packages\uvicorn\protocols\http\h11_impl.py", line 404, in run_asgi
    result = await app(  # type: ignore[func-returns-value]
             ^^^^^^^^^^^^^^^^^^^^^^^^^^^^^^^^^^^^^^^^^^^^^^
  File "C:\Users\septs\text summ\Text-Summarization-NLP-Project\venv\Lib\site-packages\uvicorn\middleware\proxy_headers.py", line 78, in __call__
    return await self.app(scope, receive, send)
           ^^^^^^^^^^^^^^^^^^^^^^^^^^^^^^^^^^^^
  File "C:\Users\septs\text summ\Text-Summarization-NLP-Project\venv\Lib\site-packages\fastapi\applications.py", line 269, in __call__
    await super().__call__(scope, receive, send)
  File "C:\Users\septs\text summ\Text-Summarization-NLP-Project\venv\Lib\site-packages\starlette\applications.py", line 124, in __call__
    await self.middleware_stack(scope, receive, send)
  File "C:\Users\septs\text summ\Text-Summarization-NLP-Project\venv\Lib\site-packages\starlette\middleware\errors.py", line 184, in __call__
    raise exc
  File "C:\Users\septs\text summ\Text-Summarization-NLP-Project\venv\Lib\site-packages\starlette\middleware\errors.py", line 162, in __call__
    await self.app(scope, receive, _send)
  File "C:\Users\septs\text summ\Text-Summarization-NLP-Project\venv\Lib\site-packages\starlette\exceptions.py", line 93, in __call__
    raise exc
  File "C:\Users\septs\text summ\Text-Summarization-NLP-Project\venv\Lib\site-packages\starlette\exceptions.py", line 82, in __call__
    await self.app(scope, receive, sender)
  File "C:\Users\septs\text summ\Text-Summarization-NLP-Project\venv\Lib\site-packages\fastapi\middleware\asyncexitstack.py", line 21, in __call__
    raise e
  File "C:\Users\septs\text summ\Text-Summarization-NLP-Project\venv\Lib\site-packages\fastapi\middleware\asyncexitstack.py", line 18, in __call__
    await self.app(scope, receive, send)
  File "C:\Users\septs\text summ\Text-Summarization-NLP-Project\venv\Lib\site-packages\starlette\routing.py", line 670, in __call__
    await route.handle(scope, receive, send)
  File "C:\Users\septs\text summ\Text-Summarization-NLP-Project\venv\Lib\site-packages\starlette\routing.py", line 266, in handle
    await self.app(scope, receive, send)
  File "C:\Users\septs\text summ\Text-Summarization-NLP-Project\venv\Lib\site-packages\starlette\routing.py", line 65, in app
    response = await func(request)
               ^^^^^^^^^^^^^^^^^^^
  File "C:\Users\septs\text summ\Text-Summarization-NLP-Project\venv\Lib\site-packages\fastapi\routing.py", line 227, in app
    raw_response = await run_endpoint_function(
                   ^^^^^^^^^^^^^^^^^^^^^^^^^^^^
  File "C:\Users\septs\text summ\Text-Summarization-NLP-Project\venv\Lib\site-packages\fastapi\routing.py", line 160, in run_endpoint_function
    return await dependant.call(**values)
           ^^^^^^^^^^^^^^^^^^^^^^^^^^^^^^
  File "C:\Users\septs\text summ\Text-Summarization-NLP-Project\app.py", line 41, in predict_route
    raise e
  File "C:\Users\septs\text summ\Text-Summarization-NLP-Project\app.py", line 38, in predict_route
    text = obj.predict(text)
           ^^^^^^^^^^^^^^^^^
  File "C:\Users\septs\text summ\Text-Summarization-NLP-Project\src\textSummarizer\pipeline\prediction.py", line 13, in predict
    tokenizer = AutoTokenizer.from_pretrained(self.config.tokenizer_path)
                ^^^^^^^^^^^^^^^^^^^^^^^^^^^^^^^^^^^^^^^^^^^^^^^^^^^^^^^^^
  File "C:\Users\septs\text summ\Text-Summarization-NLP-Project\venv\Lib\site-packages\transformers\models\auto\tokenization_auto.py", line 945, in from_pretrained
    tokenizer_config = get_tokenizer_config(pretrained_model_name_or_path, **kwargs)
                       ^^^^^^^^^^^^^^^^^^^^^^^^^^^^^^^^^^^^^^^^^^^^^^^^^^^^^^^^^^^^^
  File "C:\Users\septs\text summ\Text-Summarization-NLP-Project\venv\Lib\site-packages\transformers\models\auto\tokenization_auto.py", line 777, in get_tokenizer_config
    resolved_config_file = cached_file(
                           ^^^^^^^^^^^^
  File "C:\Users\septs\text summ\Text-Summarization-NLP-Project\venv\Lib\site-packages\transformers\utils\hub.py", line 266, in cached_file
    file = cached_files(path_or_repo_id=path_or_repo_id, filenames=[filename], **kwargs)
           ^^^^^^^^^^^^^^^^^^^^^^^^^^^^^^^^^^^^^^^^^^^^^^^^^^^^^^^^^^^^^^^^^^^^^^^^^^^^^
  File "C:\Users\septs\text summ\Text-Summarization-NLP-Project\venv\Lib\site-packages\transformers\utils\hub.py", line 471, in cached_files
    _get_cache_file_to_return(path_or_repo_id, filename, cache_dir, revision) for filename in full_filenames
    ^^^^^^^^^^^^^^^^^^^^^^^^^^^^^^^^^^^^^^^^^^^^^^^^^^^^^^^^^^^^^^^^^^^^^^^^^
  File "C:\Users\septs\text summ\Text-Summarization-NLP-Project\venv\Lib\site-packages\transformers\utils\hub.py", line 134, in _get_cache_file_to_return
    resolved_file = try_to_load_from_cache(path_or_repo_id, full_filename, cache_dir=cache_dir, revision=revision)
                    ^^^^^^^^^^^^^^^^^^^^^^^^^^^^^^^^^^^^^^^^^^^^^^^^^^^^^^^^^^^^^^^^^^^^^^^^^^^^^^^^^^^^^^^^^^^^^^
  File "C:\Users\septs\text summ\Text-Summarization-NLP-Project\venv\Lib\site-packages\huggingface_hub\utils\_validators.py", line 106, in _inner_fn
    validate_repo_id(arg_value)
  File "C:\Users\septs\text summ\Text-Summarization-NLP-Project\venv\Lib\site-packages\huggingface_hub\utils\_validators.py", line 154, in validate_repo_id
    raise HFValidationError(
huggingface_hub.errors.HFValidationError: Repo id must be in the form 'repo_name' or 'namespace/repo_name': 'artifacts/model_trainer/tokenizer'. Use `repo_type` argument if needed.
[2025-04-08 22:34:14,986: INFO: config: PyTorch version 2.6.0 available.]
[2025-04-08 22:34:59,908: INFO: common: yaml file: config\config.yaml loaded successfully]
[2025-04-08 22:34:59,924: INFO: common: yaml file: params.yaml loaded successfully]
[2025-04-08 22:34:59,924: INFO: common: created directory at: artifacts]
[2025-04-08 22:34:59,924: INFO: common: created directory at: artifacts/model_evaluation]
[2025-04-08 22:34:59,932: ERROR: h11_impl: Exception in ASGI application
]
Traceback (most recent call last):
  File "C:\Users\septs\text summ\Text-Summarization-NLP-Project\venv\Lib\site-packages\transformers\utils\hub.py", line 424, in cached_files
    hf_hub_download(
  File "C:\Users\septs\text summ\Text-Summarization-NLP-Project\venv\Lib\site-packages\huggingface_hub\utils\_validators.py", line 106, in _inner_fn
    validate_repo_id(arg_value)
  File "C:\Users\septs\text summ\Text-Summarization-NLP-Project\venv\Lib\site-packages\huggingface_hub\utils\_validators.py", line 154, in validate_repo_id
    raise HFValidationError(
huggingface_hub.errors.HFValidationError: Repo id must be in the form 'repo_name' or 'namespace/repo_name': 'artifacts/model_trainer/tokenizer'. Use `repo_type` argument if needed.

During handling of the above exception, another exception occurred:

Traceback (most recent call last):
  File "C:\Users\septs\text summ\Text-Summarization-NLP-Project\venv\Lib\site-packages\uvicorn\protocols\http\h11_impl.py", line 404, in run_asgi
    result = await app(  # type: ignore[func-returns-value]
             ^^^^^^^^^^^^^^^^^^^^^^^^^^^^^^^^^^^^^^^^^^^^^^
  File "C:\Users\septs\text summ\Text-Summarization-NLP-Project\venv\Lib\site-packages\uvicorn\middleware\proxy_headers.py", line 78, in __call__
    return await self.app(scope, receive, send)
           ^^^^^^^^^^^^^^^^^^^^^^^^^^^^^^^^^^^^
  File "C:\Users\septs\text summ\Text-Summarization-NLP-Project\venv\Lib\site-packages\fastapi\applications.py", line 269, in __call__
    await super().__call__(scope, receive, send)
  File "C:\Users\septs\text summ\Text-Summarization-NLP-Project\venv\Lib\site-packages\starlette\applications.py", line 124, in __call__
    await self.middleware_stack(scope, receive, send)
  File "C:\Users\septs\text summ\Text-Summarization-NLP-Project\venv\Lib\site-packages\starlette\middleware\errors.py", line 184, in __call__
    raise exc
  File "C:\Users\septs\text summ\Text-Summarization-NLP-Project\venv\Lib\site-packages\starlette\middleware\errors.py", line 162, in __call__
    await self.app(scope, receive, _send)
  File "C:\Users\septs\text summ\Text-Summarization-NLP-Project\venv\Lib\site-packages\starlette\exceptions.py", line 93, in __call__
    raise exc
  File "C:\Users\septs\text summ\Text-Summarization-NLP-Project\venv\Lib\site-packages\starlette\exceptions.py", line 82, in __call__
    await self.app(scope, receive, sender)
  File "C:\Users\septs\text summ\Text-Summarization-NLP-Project\venv\Lib\site-packages\fastapi\middleware\asyncexitstack.py", line 21, in __call__
    raise e
  File "C:\Users\septs\text summ\Text-Summarization-NLP-Project\venv\Lib\site-packages\fastapi\middleware\asyncexitstack.py", line 18, in __call__
    await self.app(scope, receive, send)
  File "C:\Users\septs\text summ\Text-Summarization-NLP-Project\venv\Lib\site-packages\starlette\routing.py", line 670, in __call__
    await route.handle(scope, receive, send)
  File "C:\Users\septs\text summ\Text-Summarization-NLP-Project\venv\Lib\site-packages\starlette\routing.py", line 266, in handle
    await self.app(scope, receive, send)
  File "C:\Users\septs\text summ\Text-Summarization-NLP-Project\venv\Lib\site-packages\starlette\routing.py", line 65, in app
    response = await func(request)
               ^^^^^^^^^^^^^^^^^^^
  File "C:\Users\septs\text summ\Text-Summarization-NLP-Project\venv\Lib\site-packages\fastapi\routing.py", line 227, in app
    raw_response = await run_endpoint_function(
                   ^^^^^^^^^^^^^^^^^^^^^^^^^^^^
  File "C:\Users\septs\text summ\Text-Summarization-NLP-Project\venv\Lib\site-packages\fastapi\routing.py", line 160, in run_endpoint_function
    return await dependant.call(**values)
           ^^^^^^^^^^^^^^^^^^^^^^^^^^^^^^
  File "C:\Users\septs\text summ\Text-Summarization-NLP-Project\app.py", line 41, in predict_route
    raise e
  File "C:\Users\septs\text summ\Text-Summarization-NLP-Project\app.py", line 38, in predict_route
    text = obj.predict(text)
           ^^^^^^^^^^^^^^^^^
  File "C:\Users\septs\text summ\Text-Summarization-NLP-Project\src\textSummarizer\pipeline\prediction.py", line 13, in predict
    tokenizer = AutoTokenizer.from_pretrained(self.config.tokenizer_path)
                ^^^^^^^^^^^^^^^^^^^^^^^^^^^^^^^^^^^^^^^^^^^^^^^^^^^^^^^^^
  File "C:\Users\septs\text summ\Text-Summarization-NLP-Project\venv\Lib\site-packages\transformers\models\auto\tokenization_auto.py", line 945, in from_pretrained
    tokenizer_config = get_tokenizer_config(pretrained_model_name_or_path, **kwargs)
                       ^^^^^^^^^^^^^^^^^^^^^^^^^^^^^^^^^^^^^^^^^^^^^^^^^^^^^^^^^^^^^
  File "C:\Users\septs\text summ\Text-Summarization-NLP-Project\venv\Lib\site-packages\transformers\models\auto\tokenization_auto.py", line 777, in get_tokenizer_config
    resolved_config_file = cached_file(
                           ^^^^^^^^^^^^
  File "C:\Users\septs\text summ\Text-Summarization-NLP-Project\venv\Lib\site-packages\transformers\utils\hub.py", line 266, in cached_file
    file = cached_files(path_or_repo_id=path_or_repo_id, filenames=[filename], **kwargs)
           ^^^^^^^^^^^^^^^^^^^^^^^^^^^^^^^^^^^^^^^^^^^^^^^^^^^^^^^^^^^^^^^^^^^^^^^^^^^^^
  File "C:\Users\septs\text summ\Text-Summarization-NLP-Project\venv\Lib\site-packages\transformers\utils\hub.py", line 471, in cached_files
    _get_cache_file_to_return(path_or_repo_id, filename, cache_dir, revision) for filename in full_filenames
    ^^^^^^^^^^^^^^^^^^^^^^^^^^^^^^^^^^^^^^^^^^^^^^^^^^^^^^^^^^^^^^^^^^^^^^^^^
  File "C:\Users\septs\text summ\Text-Summarization-NLP-Project\venv\Lib\site-packages\transformers\utils\hub.py", line 134, in _get_cache_file_to_return
    resolved_file = try_to_load_from_cache(path_or_repo_id, full_filename, cache_dir=cache_dir, revision=revision)
                    ^^^^^^^^^^^^^^^^^^^^^^^^^^^^^^^^^^^^^^^^^^^^^^^^^^^^^^^^^^^^^^^^^^^^^^^^^^^^^^^^^^^^^^^^^^^^^^
  File "C:\Users\septs\text summ\Text-Summarization-NLP-Project\venv\Lib\site-packages\huggingface_hub\utils\_validators.py", line 106, in _inner_fn
    validate_repo_id(arg_value)
  File "C:\Users\septs\text summ\Text-Summarization-NLP-Project\venv\Lib\site-packages\huggingface_hub\utils\_validators.py", line 154, in validate_repo_id
    raise HFValidationError(
huggingface_hub.errors.HFValidationError: Repo id must be in the form 'repo_name' or 'namespace/repo_name': 'artifacts/model_trainer/tokenizer'. Use `repo_type` argument if needed.
